// Jest Snapshot v1, https://goo.gl/fbAQLP

exports[`throws access-denied if not allowed 1`] = `"Cannot destructure property \`db\` of 'undefined' or 'null'."`;
